1 200
2 200
3 200
4 200
5 200
6 200
7 200
8 200
9 200
10 200
11 200
12 200
13 200
14 200
15 200
16 200
17 200
18 200
19 200
20 200
21 200
22 200
23 200
24 200
25 200
26 200
27 200
28 200
29 200
30 200
31 200
32 200
33 200
34 200
35 200
36 200
37 200
38 200
39 200
40 200
41 200
42 200
43 200
44 200
45 200
46 200
47 200
48 200
49 200
50 200
51 200
52 200
53 200
54 200
55 200
56 200
57 200
58 200
59 200
60 200
61 
63 200
64 200
65 200
66 200
67 200
68 200
69 200
70 200
71 200
72 200
73 200
74 200
75 200
76 200
77 200
78 200
79 200
80 200
81 200
82 200
83 200
84 200
85 200
86 200
87 200
88 200
89 200
90 200
91 200
92 200
93 200
94 200
95 200
96 200
97 200
98 200
99 200
100 200
101 200
102 200
103 200
104 200
105 200
106 200
107 200
108 200
109 200
110 200
111 200
112 200
113 200
114 200
115 200
116 200
117 200
118 200
119 200
120 200
121 200
122 200
123 200
124 200
125 200
126 200
127 200
128 200
129 200
130 200
131 200
132 200
133 200
134 200
135 200
136 200
137 200
138 200
139 200
140 200
141 200
142 200
143 200
144 200
145 200
146 200
147 200
148 200
149 200
150 200
151 200
152 200
153 200
154 200
155 200
156 200
157 200
158 200
159 200
160 200
161 200
162 200
163 200
164 200
165 200
166 200
167 200
168 200
169 200
170 200
171 200
172 200
173 200
174 200
175 200
176 200
177 200
178 200
179 200
180 200
181 200
182 200
183 200
184 200
185 200
186 200
187 200
188 200
189 200
190 200
191 200
192 200
193 200
194 200
195 200
196 200
197 200
198 200
199 200
200 200
201 200
202 200
203 200
204 200
205 200
206 200
207 200
208 200
209 200
210 200
211 200
212 200
213 200
214 429
215 200
216 200
217 429
218 200
219 429
220 200
221 200
222 200
223 200
224 200
225 429
226 200
227 200
228 200
229 200
230 200
231 200
232 200
233 200
234 200
235 200
236 200
237 200
238 200
239 200
240 200
241 200
242 200
243 200
244 200
245 200
246 200
247 200
248 200
249 200
250 200
251 200
252 200
253 200
254 200
255 200
256 200
257 200
258 200
259 200
260 200
261 200
262 200
263 200
264 200
265 200
266 200
267 200
268 200
269 200
270 200
271 200
272 200
273 200
274 200
275 200
276 200
277 200
278 200
279 200
280 200
281 200
282 200
283 200
284 200
285 200
286 200
287 200
288 200
289 200
290 200
291 200
292 200
293 200
294 200
295 200
296 200
297 200
298 200
299 200
300 200
301 200
302 200
303 200
304 200
305 200
306 200
307 200
308 200
309 200
310 200
311 200
312 200
313 200
314 200
315 200
316 200
317 200
318 200
319 200
320 200
321 200
322 200
323 200
324 200
325 200
326 200
327 200
328 200
329 200
330 200
331 200
332 200
333 200
334 200
335 200
336 200
337 200
338 200
339 200
340 200
341 200
342 200
343 200
344 200
345 200
346 200
347 200
348 200
349 200
350 200
351 200
352 200
353 200
354 200
355 200
356 401
357 401
358 401
359 401
360 401
361 401
362 401
363 401
364 401
365 401
366 401
367 401
368 401
369 401
370 401
371 401
372 401
373 401
374 401
375 401
376 401
377 401
378 401
379 401
380 401
381 401
382 401
383 401
384 401
385 401
386 401
387 401
388 401
389 401
390 401
391 401
392 401
393 401
394 401
395 401
396 401
397 401
398 401
399 401
400 401
401 401
402 401
403 401
404 401
405 401
406 401
407 401
408 401
409 401
410 401
411 401
412 401
413 401
414 401
415 401
416 401
417 401
418 401
419 401
420 401
421 401
422 401
423 401
424 000
425 401
426 401
427 401
428 401
429 401
430 401
431 401
432 401
433 401
434 401
435 401
436 401
437 401
438 401
439 401
440 401
441 401
442 401
443 401
444 401
445 401
446 401
447 401
448 401
449 401
450 401
451 401
452 401
453 401
454 401
455 401
456 401
457 401
458 401
459 401
460 401
461 401
462 401
463 401
464 401
465 401
466 401
467 401
468 401
469 401
470 401
471 401
472 401
473 401
474 401
475 401
476 401
477 401
478 401
479 401
480 401
481 401
482 401
483 401
484 401
485 401
486 401
487 401
488 401
489 401
490 401
491 401
492 401
493 401
494 401
495 401
496 401
497 401
498 401
499 401
500 401
